%!Adobe-FontList 1.18
%Locale:0x409

%BeginFont
Handler:DirectoryHandler
FontType:Invalid
OutlineFileName:\.DS_Store
FileLength:6148
FileModTime:1507578067
%EndFont

%BeginFont
Handler:DirectoryHandler
FontType:Type1
FontName:MinionPro-Regular
FamilyName:Minion Pro
StyleName:Regular
MenuName:Minion Pro
StyleBits:0
WeightClass:400
WidthClass:5
AngleClass:0
FullName:Minion Pro
WritingScript:Roman
OutlineFileName:\MinionPro-Regular.otf
DataFormat:sfntData
UsesStandardEncoding:yes
isCFF:yes
hasSVG:no
FileLength:217280
FileModTime:1507492910
DesignSize:110
NameArray:0,Mac,4,Minion Pro
NameArray:0,Win,1,Minion Pro
%EndFont

%BeginFont
Handler:DirectoryHandler
FontType:Type1
FontName:NimbusSansNo5TOT-Medium
FamilyName:Nimbus Sans No5 T OT
StyleName:Medium
MenuName:Nimbus Sans No5 T OT Medium
StyleBits:0
WeightClass:500
WidthClass:5
AngleClass:0
FullName:Nimbus Sans No5 T OT Medium
WritingScript:Roman
OutlineFileName:\NimbusSansNo5TOT-Medium.otf
DataFormat:sfntData
UsesStandardEncoding:yes
isCFF:yes
hasSVG:no
FileLength:50764
FileModTime:1507492910
NameArray:0,Mac,4,Nimbus Sans No5 T OT Medium
NameArray:0,Win,1,Nimbus Sans No5 T OT Medium
NameArray:0,Win,16,Nimbus Sans No5 T OT
%EndFont

%BeginFont
Handler:DirectoryHandler
FontType:Type1
FontName:NimbusSansNo5TOT-Regular
FamilyName:Nimbus Sans No5 T OT
StyleName:Regular
MenuName:Nimbus Sans No5 T OT
StyleBits:0
WeightClass:400
WidthClass:5
AngleClass:0
FullName:Nimbus Sans No5 T OT
WritingScript:Roman
OutlineFileName:\NimbusSansNo5TOT-Regular.otf
DataFormat:sfntData
UsesStandardEncoding:yes
isCFF:yes
hasSVG:no
FileLength:50404
FileModTime:1507492910
NameArray:0,Mac,4,Nimbus Sans No5 T OT
NameArray:0,Win,1,Nimbus Sans No5 T OT
%EndFont

%BeginFont
Handler:DirectoryHandler
FontType:TrueType
FontName:Times-Roman
FamilyName:Times
StyleName:Regular
MenuName:Times
StyleBits:0
WeightClass:400
WidthClass:5
AngleClass:0
FullName:Times Roman
WritingScript:Roman
OutlineFileName:\Times.dfont
DataFormat:sfntResource
ResourceID:13494
hasSVG:no
FileLength:1743667
FileModTime:1507492910
NameArray:0,Mac,4,Times Roman
%EndFont

%BeginFont
Handler:DirectoryHandler
FontType:TrueType
FontName:Times-Bold
FamilyName:Times
StyleName:Bold
MenuName:Times
StyleBits:2
WeightClass:700
WidthClass:5
AngleClass:0
FullName:Times Bold
WritingScript:Roman
OutlineFileName:\Times.dfont
DataFormat:sfntResource
ResourceID:16697
hasSVG:no
FileLength:1743667
FileModTime:1507492910
NameArray:0,Mac,4,Times Bold
NameArray:0,Mac,4,Times Gras
NameArray:0,Mac,4,Times Fett
NameArray:0,Mac,4,Times grassetto
NameArray:0,Mac,4,Times vet
NameArray:0,Mac,4,Times Fet
NameArray:0,Mac,4,Times Negrita
NameArray:0,Mac,4,Times Fed
NameArray:0,Mac,4,Times Carregado
NameArray:0,Mac,4,Times Halvfet
NameArray:0,Mac,4,Times lihava
%EndFont

%BeginFont
Handler:DirectoryHandler
FontType:TrueType
FontName:Times-Italic
FamilyName:Times
StyleName:Italic
MenuName:Times
StyleBits:1
WeightClass:400
WidthClass:5
AngleClass:1
FullName:Times Italic
WritingScript:Roman
OutlineFileName:\Times.dfont
DataFormat:sfntResource
ResourceID:21585
hasSVG:no
FileLength:1743667
FileModTime:1507492910
NameArray:0,Mac,4,Times Italic
NameArray:0,Mac,4,Times Italique
NameArray:0,Mac,4,Times Kursiv
NameArray:0,Mac,4,Times corsivo
NameArray:0,Mac,4,Times cursief
NameArray:0,Mac,4,Times Kursiv
NameArray:0,Mac,4,Times Cursiva
NameArray:0,Mac,4,Times kursiv
NameArray:0,Mac,4,Times Itálico
NameArray:0,Mac,4,Times kursiv
NameArray:0,Mac,4,Times kursiivi
%EndFont

%BeginFont
Handler:DirectoryHandler
FontType:TrueType
FontName:Times-BoldItalic
FamilyName:Times
StyleName:Bold Italic
MenuName:Times
StyleBits:3
WeightClass:700
WidthClass:5
AngleClass:1
FullName:Times Bold Italic
WritingScript:Roman
OutlineFileName:\Times.dfont
DataFormat:sfntResource
ResourceID:22219
hasSVG:no
FileLength:1743667
FileModTime:1507492910
NameArray:0,Mac,4,Times Bold Italic
NameArray:0,Mac,4,Times Gras italique
NameArray:0,Mac,4,Times Fett Kursiv
NameArray:0,Mac,4,Times grassetto corsivo
NameArray:0,Mac,4,Times vet-cursief
NameArray:0,Mac,4,Times Fet Kursiv
NameArray:0,Mac,4,Times Negrita Cursiva
NameArray:0,Mac,4,Times Fed kursiv
NameArray:0,Mac,4,Times Carregado Itálico
NameArray:0,Mac,4,Times Halvfet kursiv
NameArray:0,Mac,4,Times lihava kursiivi
%EndFont

%BeginFont
Handler:DirectoryHandler
FontType:Suitcase
FontName:Times-Roman
OutlineFileName:\Times.dfont
ResourceID:20
MacStyle:0
FileLength:1743667
FileModTime:1507492910
%EndFont

%BeginFont
Handler:DirectoryHandler
FontType:Suitcase
FontName:Times-Bold
OutlineFileName:\Times.dfont
ResourceID:20
MacStyle:1
FileLength:1743667
FileModTime:1507492910
%EndFont

%BeginFont
Handler:DirectoryHandler
FontType:Suitcase
FontName:Times-Italic
OutlineFileName:\Times.dfont
ResourceID:20
MacStyle:2
FileLength:1743667
FileModTime:1507492910
%EndFont

%BeginFont
Handler:DirectoryHandler
FontType:Suitcase
FontName:Times-BoldItalic
OutlineFileName:\Times.dfont
ResourceID:20
MacStyle:3
FileLength:1743667
FileModTime:1507492910
%EndFont

%BeginFont
Handler:DirectoryHandler
FontType:Invalid
OutlineFileName:\Webfonts\.DS_Store
FileLength:8196
FileModTime:1507578061
%EndFont

%BeginFont
Handler:DirectoryHandler
FontType:Invalid
OutlineFileName:\Webfonts\Times-Roman\Times-Roman.css
FileLength:484
FileModTime:1507497887
%EndFont

%BeginFont
Handler:DirectoryHandler
FontType:Invalid
OutlineFileName:\Webfonts\Times-Roman\Times-Roman.eot
FileLength:117564
FileModTime:1507496594
%EndFont

%BeginFont
Handler:DirectoryHandler
FontType:Invalid
OutlineFileName:\Webfonts\Times-Roman\Times-Roman.svg
FileLength:1662505
FileModTime:1507496594
%EndFont

%BeginFont
Handler:DirectoryHandler
FontType:TrueType
FontName:Times-Roman
FamilyName:Times-Roman
StyleName:Regular
MenuName:Times-Roman
StyleBits:0
WeightClass:400
WidthClass:5
AngleClass:0
FullName:Times-Roman
WritingScript:Roman
OutlineFileName:\Webfonts\Times-Roman\Times-Roman.ttf
DataFormat:sfntData
hasSVG:no
FileLength:117392
FileModTime:1507496594
NameArray:0,Mac,4,Times-Roman
NameArray:0,Win,1,Times-Roman
%EndFont

%BeginFont
Handler:DirectoryHandler
FontType:Invalid
OutlineFileName:\Webfonts\Times-Roman\Times-Roman.woff
FileLength:63768
FileModTime:1507496594
%EndFont

%BeginFont
Handler:DirectoryHandler
FontType:Invalid
OutlineFileName:\Webfonts\Times-Roman\Times-Roman.woff2
FileLength:48416
FileModTime:1507496613
%EndFont

%BeginFont
Handler:DirectoryHandler
FontType:Invalid
OutlineFileName:\Webfonts\Times-Italic\Times-Italic.css
FileLength:407
FileModTime:1507496594
%EndFont

%BeginFont
Handler:DirectoryHandler
FontType:Invalid
OutlineFileName:\Webfonts\Times-Italic\Times-Italic.eot
FileLength:125534
FileModTime:1507496574
%EndFont

%BeginFont
Handler:DirectoryHandler
FontType:Invalid
OutlineFileName:\Webfonts\Times-Italic\Times-Italic.svg
FileLength:1834804
FileModTime:1507496574
%EndFont

%BeginFont
Handler:DirectoryHandler
FontType:TrueType
FontName:Times-Italic
FamilyName:Times-Italic
StyleName:Italic
MenuName:Times-Italic
StyleBits:0
WeightClass:400
WidthClass:5
AngleClass:1
FullName:Times-Italic
WritingScript:Roman
OutlineFileName:\Webfonts\Times-Italic\Times-Italic.ttf
DataFormat:sfntData
hasSVG:no
FileLength:125360
FileModTime:1507496574
NameArray:0,Mac,4,Times-Italic
NameArray:0,Win,1,Times-Italic
%EndFont

%BeginFont
Handler:DirectoryHandler
FontType:Invalid
OutlineFileName:\Webfonts\Times-Italic\Times-Italic.woff
FileLength:69424
FileModTime:1507496575
%EndFont

%BeginFont
Handler:DirectoryHandler
FontType:Invalid
OutlineFileName:\Webfonts\Times-Italic\Times-Italic.woff2
FileLength:53432
FileModTime:1507496594
%EndFont

%BeginFont
Handler:DirectoryHandler
FontType:Invalid
OutlineFileName:\Webfonts\Times-BoldItalic\Times-BoldItalic.css
FileLength:439
FileModTime:1507496574
%EndFont

%BeginFont
Handler:DirectoryHandler
FontType:Invalid
OutlineFileName:\Webfonts\Times-BoldItalic\Times-BoldItalic.eot
FileLength:124952
FileModTime:1507496556
%EndFont

%BeginFont
Handler:DirectoryHandler
FontType:Invalid
OutlineFileName:\Webfonts\Times-BoldItalic\Times-BoldItalic.svg
FileLength:1784725
FileModTime:1507496556
%EndFont

%BeginFont
Handler:DirectoryHandler
FontType:TrueType
FontName:Times-BoldItalic
FamilyName:Times-BoldItalic
StyleName:Bold Italic
MenuName:Times-BoldItalic
StyleBits:0
WeightClass:700
WidthClass:5
AngleClass:1
FullName:Times-BoldItalic
WritingScript:Roman
OutlineFileName:\Webfonts\Times-BoldItalic\Times-BoldItalic.ttf
DataFormat:sfntData
hasSVG:no
FileLength:124752
FileModTime:1507496556
NameArray:0,Mac,4,Times-BoldItalic
NameArray:0,Win,1,Times-BoldItalic
%EndFont

%BeginFont
Handler:DirectoryHandler
FontType:Invalid
OutlineFileName:\Webfonts\Times-BoldItalic\Times-BoldItalic.woff
FileLength:69208
FileModTime:1507496557
%EndFont

%BeginFont
Handler:DirectoryHandler
FontType:Invalid
OutlineFileName:\Webfonts\Times-BoldItalic\Times-BoldItalic.woff2
FileLength:53280
FileModTime:1507496574
%EndFont

%BeginFont
Handler:DirectoryHandler
FontType:Invalid
OutlineFileName:\Webfonts\Times-Bold\Times-Bold.css
FileLength:391
FileModTime:1507496556
%EndFont

%BeginFont
Handler:DirectoryHandler
FontType:Invalid
OutlineFileName:\Webfonts\Times-Bold\Times-Bold.eot
FileLength:118746
FileModTime:1507496538
%EndFont

%BeginFont
Handler:DirectoryHandler
FontType:Invalid
OutlineFileName:\Webfonts\Times-Bold\Times-Bold.svg
FileLength:1637593
FileModTime:1507496538
%EndFont

%BeginFont
Handler:DirectoryHandler
FontType:TrueType
FontName:Times-Bold
FamilyName:Times-Bold
StyleName:Bold
MenuName:Times-Bold
StyleBits:0
WeightClass:700
WidthClass:5
AngleClass:0
FullName:Times-Bold
WritingScript:Roman
OutlineFileName:\Webfonts\Times-Bold\Times-Bold.ttf
DataFormat:sfntData
hasSVG:no
FileLength:118584
FileModTime:1507496538
NameArray:0,Mac,4,Times-Bold
NameArray:0,Win,1,Times-Bold
%EndFont

%BeginFont
Handler:DirectoryHandler
FontType:Invalid
OutlineFileName:\Webfonts\Times-Bold\Times-Bold.woff
FileLength:64112
FileModTime:1507496538
%EndFont

%BeginFont
Handler:DirectoryHandler
FontType:Invalid
OutlineFileName:\Webfonts\Times-Bold\Times-Bold.woff2
FileLength:48700
FileModTime:1507496556
%EndFont

%BeginFont
Handler:DirectoryHandler
FontType:Invalid
OutlineFileName:\Webfonts\NimbusSansNo5TOT-Regular\NimbusSansNo5TOT-Regular.css
FileLength:592
FileModTime:1507519163
%EndFont

%BeginFont
Handler:DirectoryHandler
FontType:Invalid
OutlineFileName:\Webfonts\NimbusSansNo5TOT-Regular\NimbusSansNo5TOT-Regular.eot
FileLength:69652
FileModTime:1507496183
%EndFont

%BeginFont
Handler:DirectoryHandler
FontType:Invalid
OutlineFileName:\Webfonts\NimbusSansNo5TOT-Regular\NimbusSansNo5TOT-Regular.svg
FileLength:327850
FileModTime:1507496183
%EndFont

%BeginFont
Handler:DirectoryHandler
FontType:TrueType
FontName:NimbusSansNo5TOT-Regular
FamilyName:NimbusSansNo5TOT-Regular
StyleName:Regular
MenuName:NimbusSansNo5TOT-Regular
StyleBits:0
WeightClass:400
WidthClass:5
AngleClass:0
FullName:NimbusSansNo5TOT-Regular
WritingScript:Roman
OutlineFileName:\Webfonts\NimbusSansNo5TOT-Regular\NimbusSansNo5TOT-Regular.ttf
DataFormat:sfntData
hasSVG:no
FileLength:69348
FileModTime:1507496183
NameArray:0,Mac,4,NimbusSansNo5TOT-Regular
NameArray:0,Win,1,NimbusSansNo5TOT-Regular
%EndFont

%BeginFont
Handler:DirectoryHandler
FontType:Invalid
OutlineFileName:\Webfonts\NimbusSansNo5TOT-Regular\NimbusSansNo5TOT-Regular.woff
FileLength:36296
FileModTime:1507496183
%EndFont

%BeginFont
Handler:DirectoryHandler
FontType:Invalid
OutlineFileName:\Webfonts\NimbusSansNo5TOT-Regular\NimbusSansNo5TOT-Regular.woff2
FileLength:25800
FileModTime:1507496190
%EndFont

